MAP
  NAME 'ne_countries'
  SIZE 500 500
  MAXSIZE 4096
  PROJECTION
    "+init=epsg:3857"
  END
  OUTPUTFORMAT
    NAME "png8"
    DRIVER AGG/PNG8
    MIMETYPE "image/png; mode=8bit"
    IMAGEMODE RGB
    EXTENSION "png"
    FORMATOPTION "QUANTIZE_FORCE=on"
    FORMATOPTION "QUANTIZE_COLORS=256"
    FORMATOPTION "GAMMA=0.75"
    TRANSPARENT ON
  END

  OUTPUTFORMAT
    NAME "mvt"
    DRIVER MVT
    #FORMATOPTION "EXTENT=512" # default is 4096
    FORMATOPTION "EDGE_BUFFER=20"
  END

  WEB
    METADATA
      wms_enable_request "*"
      MVT_SIZE '512'
      WMS_TITLE 'Test mapfile for MVT development.'
      WMS_ONLINERESOURCE 'http://localhost/cgi-bin/mapserv?'
      WMS_SRS 'epsg:3857 epsg:4326'
    END
  END

 LAYER
  NAME "country"
  TYPE POLYGON
  STATUS ON
  CONNECTIONTYPE OGR
  CONNECTION "mvtbench.gpkg"
  DATA "ne_10m_admin_0_countries"
  #DATA "wkb_geometry from (SELECT ogc_fid, name, adm0_a3, abbrev, mapcolor7, wkb_geometry FROM ne_10m_admin_0_countries) as temp using unique ogc_fid using SRID=3857"    
  EXTENT -20037508.342789 -34679773.785951 20037508.342789 18428920.012950 # added to improve perfomance 
  DUMP true   
  METADATA
    "wms_title" "country"
    "wms_srs" "epsg:4326 epsg:3857 epsg:900913"
    "wms_feature_info_mime_type" "text/html"  
    "gml_include_items" "adm0_a3,mapcolor7" # default WxS behavior is to expose no attributes so we need to be explicit
    "gml_mapcolor7_type" "integer"          # Otherwise things are treated as strings
  END
  PROJECTION
    "init=epsg:3857"
  END   
   CLASS
    STYLE
      OUTLINECOLOR 200 50 100
      WIDTH 0.4
    END
   END
  END


END # Map end
